../Core/Src/main.c:178:6:SystemClock_Config	4
../Core/Src/main.c:555:6:boardInit	2
../Core/Src/main.c:684:6:HAL_TIM_PeriodElapsedCallback	3
../Core/Src/main.c:699:6:HAL_ADC_ConvCpltCallback	1
../Core/Src/main.c:733:6:processIOControl	5
../Core/Src/main.c:776:6:process5milliSecondTasks	16
../Core/Src/main.c:911:6:process100microSecondTasks	6
../Core/Src/main.c:963:6:processRxCircularBufferUnload	5
../Core/Src/main.c:1224:6:updatePortStatus	2
../Core/Src/main.c:1241:6:updatePortMaxCurrent	2
../Core/Src/main.c:1005:6:processParse	35
../Core/Src/main.c:1256:6:processTxRoutines	3
../Core/Src/main.c:104:5:main	19
../Core/Src/main.c:1283:6:Error_Handler	1
